> 로그인

MariaDB에 로그인, root 계정으로 로그인

```
mysql -u root -p
```

<br/>

- 데이터베이스 목록을 조회

```
MariaDB [(none)]> SHOW DATABASES;
+--------------------+
| Database           |
+--------------------+
| information_schema |
| mysql              |
| performance_schema |
+--------------------+
```

<br/><br/>

> 데이터베이스 만들기

- test라는 이름의 데이터베이스를 만들기

```
MariaDB [(none)]> **CREATE DATABASE test;**
```

<br/>

- 데이터베이스 목록을 조회

```
MariaDB [(none)]> SHOW DATABASES;
+--------------------+
| Database           |
+--------------------+
| information_schema |
| mysql              |
| performance_schema |
| test               |
+--------------------+
```

<br/>

🚫 이미 존재하는 데이터베이스와 같은 이름의 데이터베이스를 만들려고 하면 에러 발생

```
MariaDB [(none)]> CREATE DATABASE test;
ERROR 1007 (HY000): Can't create database 'test'; database exists
```

✅ 같은 이름의 데이터베이스가 존재하지 않을 때 만들 경우

```
MariaDB [(none)]> CREATE DATABASE IF NOT EXISTS test;
```

<br/><br/>

🚫 마침표 등 특별한 문자를 포함하는 경우에 에러 발생

```
MariaDB [(none)]> CREATE DATABASE test.test;
ERROR 1064 (42000): You have an error in your SQL syntax; check the manual that corresponds to your MariaDB server version for the right syntax to use near '.test' at line 1
```

✅ 억음 부호(')로 이름을 감싸면 에러가 나지 않음

```
MariaDB [(none)]> CREATE DATABASE `test.test`;
```

<br/><br/>

> 데이터베이스 삭제하기

- test.test 데이터베이스를 삭제

```
MariaDB [(none)]> DROP DATABASE `test.test`;
```

<br/><br/>

> 데이터베이스 이름 변경하기

데이터베이스 이름을 바로 변경할 수 없으므로, 다른 방법을 이용

예를 들어 test를 test1로 이름을 바꾸고 싶다면...

<br/>

- test1 데이터베이스를 만듬

```
MariaDB [(none)]> CREATE DATABASE test1;
```

<br/>

- mysqldump로 test를 백업(>)

```
[mysqldump -u 유저 -p DB명 > 파일명.sql]
mysqldump -u root -p test > test.sql
```

    👉 mysqldump 란?
    - MySQL의 대표적인 Logical 백업 프로그램으로서 스토리지 엔진에 상관 없이 백업을 받을 수 있는 tool

<br/>

- test1로 복원(<)

```
[mysql -u 유저 -p DB명 < 파일명.sql]
mysql -u root -p test1 < test.sql
```
